IQ-TREE multicore version 2.3.6 for MacOS ARM 64-bit built Jul 30 2024
Developed by Bui Quang Minh, Nguyen Lam Tung, Olga Chernomor, Heiko Schmidt,
Dominik Schrempf, Michael Woodhams, Ly Trong Nhan, Thomas Wong

Host:    KCLR2NWXF661J (SSE4.2, 32 GB RAM)
Command: iqtree2 -nt AUTO -m MFP -quiet -s output/phylo/aligned.fasta
Seed:    909322 (Using SPRNG - Scalable Parallel Random Number Generator)
Time:    Tue Aug 26 22:43:47 2025
Kernel:  SSE2 - auto-detect threads (12 CPU cores detected)

Reading alignment file output/phylo/aligned.fasta ... Fasta format detected
Reading fasta file: done in 0.000109196 secs using 60.44% CPU
Alignment most likely contains DNA/RNA sequences
Alignment has 12 sequences with 517 columns, 82 distinct patterns
181 parsimony-informative, 336 singleton sites, 0 constant sites
                 Gap/Ambiguity  Composition  p-value
Analyzing sequences: done in 4.48227e-05 secs using 53.54% CPU
   1  MTB                0.00%    passed     74.26%
   2  TC00760619_S1      0.00%    passed     99.45%
   3  TC00856554_S51     0.00%    passed     63.41%
   4  TC00764189         0.00%    passed     98.50%
   5  TC00831960_S32     0.00%    passed     65.61%
   6  TC00855201_S148    0.00%    passed     98.43%
   7  TC00862935_S189    0.00%    passed     96.62%
   8  TC00836558_1       0.00%    passed     98.17%
   9  TC00777418_S47     0.00%    passed     99.44%
  10  TC00832902_S78     0.00%    passed     96.87%
  11  TC00780707_S93     0.00%    passed     99.92%
  12  TC00838386_S26     0.00%    passed     99.49%
****  TOTAL              0.00%  0 sequences failed composition chi2 test (p-value<5%; df=3)


Create initial parsimony tree by phylogenetic likelihood library (PLL)... 0.000 seconds
Measuring multi-threading efficiency up to 12 CPU cores
Increase to 10 rounds for branch lengths
10460 trees examined
Threads: 1 / Time: 12.000 sec / Speedup: 1.000 / Efficiency: 100% / LogL: -3020
Threads: 2 / Time: 26.622 sec / Speedup: 0.451 / Efficiency: 23% / LogL: -3020
BEST NUMBER OF THREADS: 1

Perform fast likelihood tree search using GTR+ASC+G model...
Estimate model parameters (epsilon = 5.000)
Perform nearest neighbor interchange...
Estimate model parameters (epsilon = 1.000)
1. Initial log-likelihood: -2000.529
2. Current log-likelihood: -1999.403
Optimal log-likelihood: -1998.183
Rate parameters:  A-C: 0.82151  A-G: 3.64031  A-T: 0.00010  C-G: 0.64749  C-T: 3.23335  G-T: 1.00000
Warning! Some parameters hit the boundaries
Base frequencies:  A: 0.186  C: 0.304  G: 0.305  T: 0.205
Gamma shape alpha: 998.445
Parameters optimization took 2 rounds (0.004 sec)
Time for fast ML tree search: 0.013 seconds

NOTE: ModelFinder requires 0 MB RAM!
ModelFinder will test up to 484 DNA models (sample size: 517 epsilon: 0.100) ...
 No. Model         -LnL         df  AIC          AICc         BIC
  1  GTR+F         2278.085     29  4614.170     4617.743     4737.363
  2  GTR+F+ASC     1996.046     29  4050.092     4053.665     4173.285
  3  GTR+F+G4      2279.467     30  4618.933     4622.761     4746.375
  4  GTR+F+ASC+G4  1996.088     30  4052.177     4056.004     4179.618
  5  GTR+F+R2      2278.150     31  4618.301     4622.392     4749.990
  6  GTR+F+R3      2278.137     33  4622.273     4626.919     4762.459
 14  GTR+F+ASC+R2  1995.169     31  4052.337     4056.428     4184.027
+R3 reinitialized from +R2 with factor 0.500
 15  GTR+F+ASC+R3  1994.910     33  4055.819     4060.465     4196.005
 23  SYM           2310.157     26  4672.313     4675.179     4782.763
 24  SYM+ASC       1998.397     26  4048.794     4051.659     4159.243
 25  SYM+G4        2310.230     27  4674.459     4677.551     4789.157
 26  SYM+ASC+G4    1998.290     27  4050.581     4053.673     4165.278
 36  SYM+ASC+R2    1997.219     28  4050.437     4053.765     4169.383
 37  SYM+ASC+R3    1997.259     30  4054.518     4058.345     4181.959
 45  TVM+F         2277.815     28  4611.630     4614.958     4730.575
 46  TVM+F+ASC     1996.667     28  4049.334     4052.662     4168.279
 47  TVM+F+G4      2278.560     29  4615.119     4618.692     4738.313
 48  TVM+F+ASC+G4  1996.698     29  4051.396     4054.968     4174.589
 58  TVM+F+ASC+R2  1995.100     30  4050.200     4054.027     4177.641
+R3 reinitialized from +R2 with factor 0.500
+R3 reinitialized from +R2 with factor 0.250
 59  TVM+F+ASC+R3  1995.154     32  4054.309     4058.672     4190.246
 67  TVMe          2309.499     25  4668.998     4671.646     4775.199
 68  TVMe+ASC      1998.261     25  4046.522     4049.170     4152.723
 69  TVMe+G4       2309.367     26  4670.733     4673.598     4781.182
 70  TVMe+ASC+G4   1998.323     26  4048.647     4051.512     4159.096
 80  TVMe+ASC+R2   1996.996     27  4047.992     4051.084     4162.689
+R3 reinitialized from +R2 with factor 0.500
 81  TVMe+ASC+R3   1996.931     29  4051.861     4055.434     4175.055
 89  TIM3+F        2288.351     27  4630.702     4633.794     4745.399
 90  TIM3+F+ASC    2013.494     27  4080.988     4084.080     4195.685
 91  TIM3+F+G4     2288.431     28  4632.863     4636.191     4751.808
 92  TIM3+F+ASC+G4 2013.494     28  4082.988     4086.316     4201.933
102  TIM3+F+ASC+R2 2010.393     29  4078.786     4082.359     4201.980
+R3 reinitialized from +R2 with factor 0.500
+R3 reinitialized from +R2 with factor 0.250
103  TIM3+F+ASC+R3 2010.468     31  4082.937     4087.027     4214.626
111  TIM3e         2322.901     24  4693.802     4696.241     4795.755
112  TIM3e+ASC     2027.421     24  4102.842     4105.281     4204.795
113  TIM3e+G4      2322.983     25  4695.966     4698.614     4802.167
114  TIM3e+ASC+G4  2027.421     25  4104.842     4107.490     4211.043
124  TIM3e+ASC+R2  2025.096     26  4102.193     4105.058     4212.642
125  TIM3e+ASC+R3  2024.779     28  4105.558     4108.886     4224.503
133  TIM2+F        2287.188     27  4628.375     4631.467     4743.073
134  TIM2+F+ASC    2012.666     27  4079.332     4082.424     4194.029
135  TIM2+F+G4     2287.269     28  4630.539     4633.866     4749.484
136  TIM2+F+ASC+G4 2012.666     28  4081.331     4084.659     4200.276
146  TIM2+F+ASC+R2 2008.755     29  4075.511     4079.084     4198.704
+R3 reinitialized from +R2 with factor 0.500
147  TIM2+F+ASC+R3 2008.656     31  4079.312     4083.403     4211.002
155  TIM2e         2320.381     24  4688.762     4691.201     4790.715
156  TIM2e+ASC     2022.551     24  4093.101     4095.540     4195.054
157  TIM2e+G4      2320.465     25  4690.931     4693.579     4797.132
158  TIM2e+ASC+G4  2022.551     25  4095.101     4097.749     4201.302
168  TIM2e+ASC+R2  2020.357     26  4092.715     4095.580     4203.164
169  TIM2e+ASC+R3  2019.372     28  4094.744     4098.072     4213.689
177  TIM+F         2286.754     27  4627.508     4630.600     4742.205
178  TIM+F+ASC     2011.560     27  4077.119     4080.211     4191.816
179  TIM+F+G4      2286.834     28  4629.669     4632.997     4748.614
180  TIM+F+ASC+G4  2011.559     28  4079.119     4082.447     4198.064
190  TIM+F+ASC+R2  2006.619     29  4071.238     4074.811     4194.432
191  TIM+F+ASC+R3  2006.335     31  4074.670     4078.761     4206.360
199  TIMe          2322.721     24  4693.442     4695.881     4795.395
200  TIMe+ASC      2034.745     24  4117.490     4119.929     4219.443
201  TIMe+G4       2322.807     25  4695.613     4698.261     4801.814
202  TIMe+ASC+G4   2034.745     25  4119.490     4122.138     4225.691
212  TIMe+ASC+R2   2031.395     26  4114.790     4117.655     4225.239
213  TIMe+ASC+R3   2030.274     28  4116.547     4119.875     4235.492
221  TPM3u+F       2288.481     26  4628.961     4631.826     4739.410
222  TPM3u+F+ASC   2014.115     26  4080.230     4083.095     4190.679
223  TPM3u+F+G4    2288.562     27  4631.124     4634.216     4745.821
224  TPM3u+F+ASC+G4 2014.115     27  4082.229     4085.321     4196.927
234  TPM3u+F+ASC+R2 2009.206     28  4074.411     4077.739     4193.357
235  TPM3u+F+ASC+R3 2008.666     30  4077.331     4081.158     4204.773
243  TPM3          2322.896     23  4691.793     4694.032     4789.498
244  TPM3+ASC      2027.435     23  4100.869     4103.109     4198.574
245  TPM3+G4       2322.983     24  4693.966     4696.405     4795.919
246  TPM3+ASC+G4   2027.435     24  4102.870     4105.309     4204.823
256  TPM3+ASC+R2   2024.488     25  4098.975     4101.623     4205.176
257  TPM3+ASC+R3   2023.413     27  4100.825     4103.917     4215.523
265  TPM2u+F       2287.299     26  4626.597     4629.463     4737.046
266  TPM2u+F+ASC   2013.261     26  4078.523     4081.388     4188.972
267  TPM2u+F+G4    2287.381     27  4628.761     4631.853     4743.458
268  TPM2u+F+ASC+G4 2013.261     27  4080.522     4083.614     4195.219
278  TPM2u+F+ASC+R2 2008.358     28  4072.716     4076.044     4191.661
279  TPM2u+F+ASC+R3 2007.760     30  4075.520     4079.347     4202.962
287  TPM2          2320.381     23  4686.761     4689.001     4784.466
288  TPM2+ASC      2022.565     23  4091.130     4093.369     4188.835
289  TPM2+G4       2320.467     24  4688.935     4691.374     4790.888
290  TPM2+ASC+G4   2022.565     24  4093.130     4095.569     4195.083
300  TPM2+ASC+R2   2019.846     25  4089.692     4092.339     4195.893
301  TPM2+ASC+R3   2018.706     27  4091.411     4094.503     4206.109
309  K3Pu+F        2286.852     26  4625.705     4628.570     4736.154
310  K3Pu+F+ASC    2012.171     26  4076.343     4079.208     4186.792
311  K3Pu+F+G4     2286.933     27  4627.867     4630.959     4742.564
312  K3Pu+F+ASC+G4 2012.171     27  4078.342     4081.434     4193.039
322  K3Pu+F+ASC+R2 2006.911     28  4069.822     4073.150     4188.767
323  K3Pu+F+ASC+R3 2006.606     30  4073.211     4077.039     4200.653
331  K3P           2322.720     23  4691.440     4693.680     4789.145
332  K3P+ASC       2034.758     23  4115.516     4117.755     4213.221
333  K3P+G4        2322.810     24  4693.620     4696.059     4795.573
334  K3P+ASC+G4    2034.758     24  4117.515     4119.955     4219.469
344  K3P+ASC+R2    2031.308     25  4112.616     4115.263     4218.817
345  K3P+ASC+R3    2030.451     27  4114.901     4117.993     4229.599
353  TN+F          2289.385     26  4630.770     4633.635     4741.219
354  TN+F+ASC      2015.378     26  4082.755     4085.620     4193.204
355  TN+F+G4       2289.465     27  4632.930     4636.022     4747.627
356  TN+F+ASC+G4   2015.377     27  4084.754     4087.847     4199.452
366  TN+F+ASC+R2   2010.468     28  4076.936     4080.264     4195.881
367  TN+F+ASC+R3   2010.244     30  4080.488     4084.315     4207.929
375  TNe           2325.321     23  4696.642     4698.881     4794.347
376  TNe+ASC       2037.003     23  4120.007     4122.246     4217.712
377  TNe+G4        2325.411     24  4698.823     4701.262     4800.776
378  TNe+ASC+G4    2037.003     24  4122.006     4124.445     4223.959
388  TNe+ASC+R2    2033.804     25  4117.609     4120.256     4223.810
389  TNe+ASC+R3    2033.048     27  4120.096     4123.188     4234.794
397  HKY+F         2289.501     25  4629.003     4631.651     4735.204
398  HKY+F+ASC     2015.988     25  4081.977     4084.625     4188.178
399  HKY+F+G4      2289.582     26  4631.164     4634.029     4741.613
400  HKY+F+ASC+G4  2015.988     26  4083.976     4086.842     4194.425
410  HKY+F+ASC+R2  2010.986     27  4075.971     4079.063     4190.668
411  HKY+F+ASC+R3  2010.809     29  4079.617     4083.190     4202.810
419  K2P           2325.320     22  4694.641     4696.689     4788.098
420  K2P+ASC       2037.018     22  4118.035     4120.084     4211.492
421  K2P+G4        2325.411     23  4696.822     4699.061     4794.527
422  K2P+ASC+G4    2037.017     23  4120.035     4122.274     4217.740
432  K2P+ASC+R2    2033.813     24  4115.625     4118.064     4217.578
433  K2P+ASC+R3    2033.089     26  4118.177     4121.043     4228.626
441  F81+F         2462.129     24  4972.259     4974.698     5074.212
442  F81+F+ASC     2177.870     24  4403.741     4406.180     4505.694
443  F81+F+G4      2462.182     25  4974.363     4977.011     5080.564
444  F81+F+ASC+G4  2177.726     25  4405.452     4408.100     4511.653
454  F81+F+ASC+R2  2173.515     26  4399.030     4401.896     4509.479
455  F81+F+ASC+R3  2173.059     28  4402.118     4405.446     4521.063
463  JC            2486.847     21  5015.694     5017.560     5104.903
464  JC+ASC        2187.847     21  4417.693     4419.560     4506.902
465  JC+G4         2486.912     22  5017.823     5019.872     5111.280
466  JC+ASC+G4     2187.697     22  4419.393     4421.442     4512.850
476  JC+ASC+R2     2185.533     23  4417.066     4419.305     4514.771
477  JC+ASC+R3     2184.837     25  4419.674     4422.322     4525.875
Akaike Information Criterion:           TVMe+ASC
Corrected Akaike Information Criterion: TVMe+ASC
Bayesian Information Criterion:         TVMe+ASC
Best-fit model: TVMe+ASC chosen according to BIC

All model information printed to output/phylo/aligned.fasta.model.gz
CPU time for ModelFinder: 33.765 seconds (0h:0m:33s)
Wall-clock time for ModelFinder: 39.233 seconds (0h:0m:39s)

NOTE: 0 MB RAM (0 GB) is required!
Estimate model parameters (epsilon = 0.100)
1. Initial log-likelihood: -2188.960
2. Current log-likelihood: -1998.119
Optimal log-likelihood: -1998.083
Rate parameters:  A-C: 0.87495  A-G: 3.84190  A-T: 0.00384  C-G: 1.26739  C-T: 3.84190  G-T: 1.00000
Base frequencies:  A: 0.250  C: 0.250  G: 0.250  T: 0.250
Parameters optimization took 2 rounds (0.001 sec)
Wrote distance file to... 
Computing ML distances based on estimated model parameters...
Calculating distance matrix: done in 7.70092e-05 secs using 96.09% CPU
Computing ML distances took 0.000106 sec (of wall-clock time) 0.000082 sec (of CPU time)
Setting up auxiliary I and S matrices: done in 1.69277e-05 secs using 70.89% CPU
Computing RapidNJ tree took 0.000047 sec (of wall-clock time) 0.000040 sec (of CPU time)
Log-likelihood of RapidNJ tree: -2001.831
--------------------------------------------------------------------
|             INITIALIZING CANDIDATE TREE SET                      |
--------------------------------------------------------------------
Generating 98 parsimony trees... 0.020 second
Computing log-likelihood of 98 initial trees ... 0.013 seconds
Current best score: -1998.083

Do NNI search on 20 best initial trees
Estimate model parameters (epsilon = 0.100)
BETTER TREE FOUND at iteration 1: -1998.064
Estimate model parameters (epsilon = 0.100)
BETTER TREE FOUND at iteration 2: -1995.360
Iteration 10 / LogL: -1996.390 / Time: 0h:0m:39s
Iteration 20 / LogL: -1996.392 / Time: 0h:0m:39s
Finish initializing candidate tree set (4)
Current best tree score: -1995.360 / CPU time: 0.120
Number of iterations: 20
--------------------------------------------------------------------
|               OPTIMIZING CANDIDATE TREE SET                      |
--------------------------------------------------------------------
UPDATE BEST LOG-LIKELIHOOD: -1995.357
UPDATE BEST LOG-LIKELIHOOD: -1995.356
UPDATE BEST LOG-LIKELIHOOD: -1995.354
Iteration 30 / LogL: -1995.354 / Time: 0h:0m:39s (0h:0m:0s left)
UPDATE BEST LOG-LIKELIHOOD: -1995.353
Iteration 40 / LogL: -1995.438 / Time: 0h:0m:39s (0h:0m:0s left)
UPDATE BEST LOG-LIKELIHOOD: -1995.352
Iteration 50 / LogL: -1995.496 / Time: 0h:0m:39s (0h:0m:0s left)
UPDATE BEST LOG-LIKELIHOOD: -1995.352
Iteration 60 / LogL: -1995.448 / Time: 0h:0m:39s (0h:0m:0s left)
Iteration 70 / LogL: -1997.317 / Time: 0h:0m:39s (0h:0m:0s left)
UPDATE BEST LOG-LIKELIHOOD: -1995.351
Iteration 80 / LogL: -1995.353 / Time: 0h:0m:39s (0h:0m:0s left)
UPDATE BEST LOG-LIKELIHOOD: -1995.346
Iteration 90 / LogL: -1995.346 / Time: 0h:0m:39s (0h:0m:0s left)
UPDATE BEST LOG-LIKELIHOOD: -1995.345
Iteration 100 / LogL: -1995.565 / Time: 0h:0m:39s (0h:0m:0s left)
TREE SEARCH COMPLETED AFTER 103 ITERATIONS / Time: 0h:0m:39s

--------------------------------------------------------------------
|                    FINALIZING TREE SEARCH                        |
--------------------------------------------------------------------
Performs final model parameters optimization
Estimate model parameters (epsilon = 0.010)
1. Initial log-likelihood: -1995.345
Optimal log-likelihood: -1995.344
Rate parameters:  A-C: 0.87479  A-G: 3.83621  A-T: 0.00695  C-G: 1.26840  C-T: 3.83621  G-T: 1.00000
Base frequencies:  A: 0.250  C: 0.250  G: 0.250  T: 0.250
Parameters optimization took 1 rounds (0.000 sec)
BEST SCORE FOUND : -1995.344
Total tree length: 0.095

Total number of iterations: 103
CPU time used for tree search: 0.384 sec (0h:0m:0s)
Wall-clock time used for tree search: 0.395 sec (0h:0m:0s)
Total CPU time used: 34.156 sec (0h:0m:34s)
Total wall-clock time used: 39.636 sec (0h:0m:39s)

Analysis results written to: 
  IQ-TREE report:                output/phylo/aligned.fasta.iqtree
  Maximum-likelihood tree:       output/phylo/aligned.fasta.treefile
  Likelihood distances:          output/phylo/aligned.fasta.mldist
  Screen log file:               output/phylo/aligned.fasta.log

Date and Time: Tue Aug 26 22:44:27 2025
